// Jest Snapshot v1, https://goo.gl/fbAQLP

exports[`header header snapshot 1`] = `
<header
  class="header"
  data-testid="header"
>
  <a
    href="./"
  >
    <img
      alt="website logo"
      class="header__logo"
      src="./images/logo/logo-site.png"
    />
  </a>
  <div
    class="cart"
    data-testid="cart"
  >
    <div
      class="cart__wrapper"
    >
      <svg
        class="cart__icon"
        fill="currentColor"
        height="1em"
        stroke="currentColor"
        stroke-width="0"
        viewBox="0 0 448 512"
        width="1em"
        xmlns="http://www.w3.org/2000/svg"
      >
        <path
          d="M352 160v-32C352 57.42 294.579 0 224 0 153.42 0 96 57.42 96 128v32H0v272c0 44.183 35.817 80 80 80h288c44.183 0 80-35.817 80-80V160h-96zm-192-32c0-35.29 28.71-64 64-64s64 28.71 64 64v32H160v-32zm160 120c-13.255 0-24-10.745-24-24s10.745-24 24-24 24 10.745 24 24-10.745 24-24 24zm-192 0c-13.255 0-24-10.745-24-24s10.745-24 24-24 24 10.745 24 24-10.745 24-24 24z"
        />
      </svg>
      <span
        class="cart__counter"
        data-testid="cart-counter"
      >
        0
      </span>
    </div>
  </div>
</header>
`;
